// Jest Snapshot v1, https://goo.gl/fbAQLP

exports[`<InputText /> should match snapshot 1`] = `
<div>
  <input
    class="text-input"
    placeholder="teste"
    type="search"
    value="testando"
  />
</div>
`;
